/afs/cern.ch/user/d/dally/CMSSW_12_0_0_pre4/src/L1Trigger/TrackFindingTracklet/test /pool/condor/dir_37921 
subject   : /DC=ch/DC=cern/OU=Organic Units/OU=Users/CN=dally/CN=852449/CN=Daniel Asif Ally/CN=546391038
issuer    : /DC=ch/DC=cern/OU=Organic Units/OU=Users/CN=dally/CN=852449/CN=Daniel Asif Ally
identity  : /DC=ch/DC=cern/OU=Organic Units/OU=Users/CN=dally/CN=852449/CN=Daniel Asif Ally
type      : RFC3820 compliant impersonation proxy
strength  : 2048
path      : /afs/cern.ch/user/d/dally/private/x509up_u141138
timeleft  : 06:27:21
key usage : Digital Signature, Key Encipherment
=== VO cms extension information ===
VO        : cms
subject   : /DC=ch/DC=cern/OU=Organic Units/OU=Users/CN=dally/CN=852449/CN=Daniel Asif Ally
issuer    : /DC=ch/DC=cern/OU=computers/CN=cms-auth.web.cern.ch
attribute : /cms/Role=NULL/Capability=NULL
timeleft  : 06:27:20
uri       : voms-cms-auth.app.cern.ch:443

subject   : /DC=ch/DC=cern/OU=Organic Units/OU=Users/CN=dally/CN=852449/CN=Daniel Asif Ally/CN=546391038
issuer    : /DC=ch/DC=cern/OU=Organic Units/OU=Users/CN=dally/CN=852449/CN=Daniel Asif Ally
identity  : /DC=ch/DC=cern/OU=Organic Units/OU=Users/CN=dally/CN=852449/CN=Daniel Asif Ally
type      : RFC3820 compliant impersonation proxy
strength  : 2048
path      : /afs/cern.ch/user/d/dally/private/x509up_u141138
timeleft  : 06:27:20
key usage : Digital Signature, Key Encipherment
=== VO cms extension information ===
VO        : cms
subject   : /DC=ch/DC=cern/OU=Organic Units/OU=Users/CN=dally/CN=852449/CN=Daniel Asif Ally
issuer    : /DC=ch/DC=cern/OU=computers/CN=cms-auth.web.cern.ch
attribute : /cms/Role=NULL/Capability=NULL
timeleft  : 06:27:19
uri       : voms-cms-auth.app.cern.ch:443

cmsRun /afs/cern.ch/user/d/dally/CMSSW_12_0_0_pre4/src/L1Trigger/TrackFindingTracklet/test/customise_L1TrackNtupleMaker.py inputFiles_clear inputFiles_load=/afs/cern.ch/user/d/dally/CMSSW_12_0_0_pre4/src/L1Trigger/TrackFindingTracklet/test/ntuples/NoDR_8/pFiles_0.txt outputFile=outputL1Ntuple_0.root print
Singletons:
  filePrepend        : 
                     - String to prepend location of all files
  maxEvents          : -1
                     - Number of events to process (-1 for all)
  outputFile         : outputL1Ntuple_0.root
                     - Name of output file (if needed)
  secondaryOutputFile: 
                     - Name of second output file (if needed)
  section            : 0
                     - This section (from 1..totalSections inclusive)
  tag                : 
                     - tag to add to output filename
  totalSections      : 0
                     - Total number of sections
Lists:
  inputFiles         : ['/store/relval/CMSSW_11_3_0_pre6/RelValTTbar_14TeV/GEN-SIM-DIGI-RAW/PU_113X_mcRun4_realistic_v6_2026D76PU200-v1/00000/81b36c94-be96-43b3-9868-b98a9410899d.root' ]
                     - Files to process
  secondaryInputFiles: []
                     - Second group of files to process (if needed)

using geometry D76 (tilted)
Wed Feb 16 21:47:34 CET 2022
Thread 7 (Thread 0x2b30400b9700 (LWP 264)):
#0  0x00002b2fe6d83b3b in do_futex_wait.constprop () from /lib64/libpthread.so.0
#1  0x00002b2fe6d83bcf in __new_sem_wait_slow.constprop.0 () from /lib64/libpthread.so.0
#2  0x00002b2fe6d83c6b in sem_wait@@GLIBC_2.2.5 () from /lib64/libpthread.so.0
#3  0x00002b2fed12f816 in XrdCl::JobManager::RunJobs() () from /cvmfs/cms.cern.ch/slc7_amd64_gcc900/cms/cmssw/CMSSW_12_0_0_pre4/external/slc7_amd64_gcc900/lib/libXrdCl.so.2
#4  0x00002b2fed12f8c9 in RunRunnerThread () from /cvmfs/cms.cern.ch/slc7_amd64_gcc900/cms/cmssw/CMSSW_12_0_0_pre4/external/slc7_amd64_gcc900/lib/libXrdCl.so.2
#5  0x00002b2fe6d7dea5 in start_thread () from /lib64/libpthread.so.0
#6  0x00002b2fe7090b0d in clone () from /lib64/libc.so.6
Thread 6 (Thread 0x2b303feb8700 (LWP 263)):
#0  0x00002b2fe6d83b3b in do_futex_wait.constprop () from /lib64/libpthread.so.0
#1  0x00002b2fe6d83bcf in __new_sem_wait_slow.constprop.0 () from /lib64/libpthread.so.0
#2  0x00002b2fe6d83c6b in sem_wait@@GLIBC_2.2.5 () from /lib64/libpthread.so.0
#3  0x00002b2fed12f816 in XrdCl::JobManager::RunJobs() () from /cvmfs/cms.cern.ch/slc7_amd64_gcc900/cms/cmssw/CMSSW_12_0_0_pre4/external/slc7_amd64_gcc900/lib/libXrdCl.so.2
#4  0x00002b2fed12f8c9 in RunRunnerThread () from /cvmfs/cms.cern.ch/slc7_amd64_gcc900/cms/cmssw/CMSSW_12_0_0_pre4/external/slc7_amd64_gcc900/lib/libXrdCl.so.2
#5  0x00002b2fe6d7dea5 in start_thread () from /lib64/libpthread.so.0
#6  0x00002b2fe7090b0d in clone () from /lib64/libc.so.6
Thread 5 (Thread 0x2b303fcb7700 (LWP 262)):
#0  0x00002b2fe6d83b3b in do_futex_wait.constprop () from /lib64/libpthread.so.0
#1  0x00002b2fe6d83bcf in __new_sem_wait_slow.constprop.0 () from /lib64/libpthread.so.0
#2  0x00002b2fe6d83c6b in sem_wait@@GLIBC_2.2.5 () from /lib64/libpthread.so.0
#3  0x00002b2fed12f816 in XrdCl::JobManager::RunJobs() () from /cvmfs/cms.cern.ch/slc7_amd64_gcc900/cms/cmssw/CMSSW_12_0_0_pre4/external/slc7_amd64_gcc900/lib/libXrdCl.so.2
#4  0x00002b2fed12f8c9 in RunRunnerThread () from /cvmfs/cms.cern.ch/slc7_amd64_gcc900/cms/cmssw/CMSSW_12_0_0_pre4/external/slc7_amd64_gcc900/lib/libXrdCl.so.2
#5  0x00002b2fe6d7dea5 in start_thread () from /lib64/libpthread.so.0
#6  0x00002b2fe7090b0d in clone () from /lib64/libc.so.6
Thread 4 (Thread 0x2b303fab6700 (LWP 261)):
#0  0x00002b2fe6d84e9d in nanosleep () from /lib64/libpthread.so.0
#1  0x00002b2fec10f6ff in XrdSysTimer::Wait(int) () from /cvmfs/cms.cern.ch/slc7_amd64_gcc900/cms/cmssw/CMSSW_12_0_0_pre4/external/slc7_amd64_gcc900/lib/libXrdUtils.so.2
#2  0x00002b2fed0d1b0a in XrdCl::TaskManager::RunTasks() () from /cvmfs/cms.cern.ch/slc7_amd64_gcc900/cms/cmssw/CMSSW_12_0_0_pre4/external/slc7_amd64_gcc900/lib/libXrdCl.so.2
#3  0x00002b2fed0d1c69 in RunRunnerThread () from /cvmfs/cms.cern.ch/slc7_amd64_gcc900/cms/cmssw/CMSSW_12_0_0_pre4/external/slc7_amd64_gcc900/lib/libXrdCl.so.2
#4  0x00002b2fe6d7dea5 in start_thread () from /lib64/libpthread.so.0
#5  0x00002b2fe7090b0d in clone () from /lib64/libc.so.6
Thread 3 (Thread 0x2b303f8b5700 (LWP 260)):
#0  0x00002b2fe70910e3 in epoll_wait () from /lib64/libc.so.6
#1  0x00002b2fec109ed2 in XrdSys::IOEvents::PollE::Begin(XrdSysSemaphore*, int&, char const**) () from /cvmfs/cms.cern.ch/slc7_amd64_gcc900/cms/cmssw/CMSSW_12_0_0_pre4/external/slc7_amd64_gcc900/lib/libXrdUtils.so.2
#2  0x00002b2fec10678d in XrdSys::IOEvents::BootStrap::Start(void*) () from /cvmfs/cms.cern.ch/slc7_amd64_gcc900/cms/cmssw/CMSSW_12_0_0_pre4/external/slc7_amd64_gcc900/lib/libXrdUtils.so.2
#3  0x00002b2fec10ef68 in XrdSysThread_Xeq () from /cvmfs/cms.cern.ch/slc7_amd64_gcc900/cms/cmssw/CMSSW_12_0_0_pre4/external/slc7_amd64_gcc900/lib/libXrdUtils.so.2
#4  0x00002b2fe6d7dea5 in start_thread () from /lib64/libpthread.so.0
#5  0x00002b2fe7090b0d in clone () from /lib64/libc.so.6
Thread 2 (Thread 0x2b3006000700 (LWP 253)):
#0  0x00002b2fe6d851d9 in waitpid () from /lib64/libpthread.so.0
#1  0x00002b2fed42d387 in edm::service::cmssw_stacktrace_fork() () from /cvmfs/cms.cern.ch/slc7_amd64_gcc900/cms/cmssw/CMSSW_12_0_0_pre4/lib/slc7_amd64_gcc900/pluginFWCoreServicesPlugins.so
#2  0x00002b2fed42e01a in edm::service::InitRootHandlers::stacktraceHelperThread() () from /cvmfs/cms.cern.ch/slc7_amd64_gcc900/cms/cmssw/CMSSW_12_0_0_pre4/lib/slc7_amd64_gcc900/pluginFWCoreServicesPlugins.so
#3  0x00002b2fe694eaf0 in std::execute_native_thread_routine (__p=0x2b3004a30800) at ../../../../../libstdc++-v3/src/c++11/thread.cc:80
#4  0x00002b2fe6d7dea5 in start_thread () from /lib64/libpthread.so.0
#5  0x00002b2fe7090b0d in clone () from /lib64/libc.so.6
Thread 1 (Thread 0x2b2fe910c180 (LWP 235)):
#0  0x00002b2fe7085ddd in poll () from /lib64/libc.so.6
#1  0x00002b2fed42d7b7 in full_read.constprop () from /cvmfs/cms.cern.ch/slc7_amd64_gcc900/cms/cmssw/CMSSW_12_0_0_pre4/lib/slc7_amd64_gcc900/pluginFWCoreServicesPlugins.so
#2  0x00002b2fed42e0ec in edm::service::InitRootHandlers::stacktraceFromThread() () from /cvmfs/cms.cern.ch/slc7_amd64_gcc900/cms/cmssw/CMSSW_12_0_0_pre4/lib/slc7_amd64_gcc900/pluginFWCoreServicesPlugins.so
#3  0x00002b2fed43159b in sig_dostack_then_abort () from /cvmfs/cms.cern.ch/slc7_amd64_gcc900/cms/cmssw/CMSSW_12_0_0_pre4/lib/slc7_amd64_gcc900/pluginFWCoreServicesPlugins.so
#4  <signal handler called>
#5  0x00002b2fe6fc8387 in raise () from /lib64/libc.so.6
#6  0x00002b2fe6fc9a78 in abort () from /lib64/libc.so.6
#7  0x00002b2fe6919683 in __gnu_cxx::__verbose_terminate_handler () at ../../../../libstdc++-v3/libsupc++/vterminate.cc:95
#8  0x00002b2fe69250a6 in __cxxabiv1::__terminate (handler=<optimized out>) at ../../../../libstdc++-v3/libsupc++/eh_terminate.cc:48
#9  0x00002b2fe69241a9 in __cxa_call_terminate (ue_header=ue_header@entry=0x2b304f50cbe0) at ../../../../libstdc++-v3/libsupc++/eh_call.cc:54
#10 0x00002b2fe6924ad4 in __cxxabiv1::__gxx_personality_v0 (version=<optimized out>, actions=6, exception_class=5138137972254386944, ue_header=0x2b304f50cbe0, context=<optimized out>) at ../../../../libstdc++-v3/libsupc++/eh_personality.cc:677
#11 0x00002b2fe6d6b7b3 in _Unwind_RaiseException_Phase2 (exc=0x2b304f50cbe0, context=0x7ffc64d39210, frames_p=0x7ffc64d39118) at ../../../libgcc/unwind.inc:64
#12 0x00002b2fe6d6c016 in _Unwind_Resume (exc=0x2b304f50cbe0) at ../../../libgcc/unwind.inc:241
#13 0x00002b2fe50d3b1c in TFile::Close(char const*) [clone .cold] () from /cvmfs/cms.cern.ch/slc7_amd64_gcc900/cms/cmssw/CMSSW_12_0_0_pre4/external/slc7_amd64_gcc900/lib/libRIO.so
#14 0x00002b2fec1cc8ee in TStorageFactoryFile::~TStorageFactoryFile() () from /cvmfs/cms.cern.ch/slc7_amd64_gcc900/cms/cmssw/CMSSW_12_0_0_pre4/lib/slc7_amd64_gcc900/libIOPoolTFileAdaptor.so
#15 0x00002b2fec1cc919 in TStorageFactoryFile::~TStorageFactoryFile() () from /cvmfs/cms.cern.ch/slc7_amd64_gcc900/cms/cmssw/CMSSW_12_0_0_pre4/lib/slc7_amd64_gcc900/libIOPoolTFileAdaptor.so
#16 0x000000000040f4d8 in std::_Sp_counted_base<(__gnu_cxx::_Lock_policy)2>::_M_release() ()
#17 0x00002b3052dbcb6c in edm::PoolOutputModule::~PoolOutputModule() () from /cvmfs/cms.cern.ch/slc7_amd64_gcc900/cms/cmssw/CMSSW_12_0_0_pre4/lib/slc7_amd64_gcc900/libIOPoolOutput.so
#18 0x00002b3052dbcdaf in edm::PoolOutputModule::~PoolOutputModule() () from /cvmfs/cms.cern.ch/slc7_amd64_gcc900/cms/cmssw/CMSSW_12_0_0_pre4/lib/slc7_amd64_gcc900/libIOPoolOutput.so
#19 0x00002b303c204c03 in std::_Sp_counted_deleter<edm::one::OutputModuleBase*, std::default_delete<edm::one::OutputModuleBase>, std::allocator<void>, (__gnu_cxx::_Lock_policy)2>::_M_dispose() () from /cvmfs/cms.cern.ch/slc7_amd64_gcc900/cms/cmssw/CMSSW_12_0_0_pre4/lib/slc7_amd64_gcc900/pluginFWCoreModules.so
#20 0x00002b303c205132 in std::_Sp_counted_ptr_inplace<edm::maker::ModuleHolderT<edm::one::OutputModuleBase>, std::allocator<edm::maker::ModuleHolderT<edm::one::OutputModuleBase> >, (__gnu_cxx::_Lock_policy)2>::_M_dispose() () from /cvmfs/cms.cern.ch/slc7_amd64_gcc900/cms/cmssw/CMSSW_12_0_0_pre4/lib/slc7_amd64_gcc900/pluginFWCoreModules.so
#21 0x00002b2fe47d9d7c in std::_Rb_tree<std::__cxx11::basic_string<char, std::char_traits<char>, std::allocator<char> >, std::pair<std::__cxx11::basic_string<char, std::char_traits<char>, std::allocator<char> > const, edm::propagate_const<std::shared_ptr<edm::maker::ModuleHolder> > >, std::_Select1st<std::pair<std::__cxx11::basic_string<char, std::char_traits<char>, std::allocator<char> > const, edm::propagate_const<std::shared_ptr<edm::maker::ModuleHolder> > > >, std::less<std::__cxx11::basic_string<char, std::char_traits<char>, std::allocator<char> > >, std::allocator<std::pair<std::__cxx11::basic_string<char, std::char_traits<char>, std::allocator<char> > const, edm::propagate_const<std::shared_ptr<edm::maker::ModuleHolder> > > > >::_M_erase(std::_Rb_tree_node<std::pair<std::__cxx11::basic_string<char, std::char_traits<char>, std::allocator<char> > const, edm::propagate_const<std::shared_ptr<edm::maker::ModuleHolder> > > >*) () from /cvmfs/cms.cern.ch/slc7_amd64_gcc900/cms/cmssw/CMSSW_12_0_0_pre4/lib/slc7_amd64_gcc900/libFWCoreFramework.so
#22 0x00002b2fe47d9d06 in std::_Rb_tree<std::__cxx11::basic_string<char, std::char_traits<char>, std::allocator<char> >, std::pair<std::__cxx11::basic_string<char, std::char_traits<char>, std::allocator<char> > const, edm::propagate_const<std::shared_ptr<edm::maker::ModuleHolder> > >, std::_Select1st<std::pair<std::__cxx11::basic_string<char, std::char_traits<char>, std::allocator<char> > const, edm::propagate_const<std::shared_ptr<edm::maker::ModuleHolder> > > >, std::less<std::__cxx11::basic_string<char, std::char_traits<char>, std::allocator<char> > >, std::allocator<std::pair<std::__cxx11::basic_string<char, std::char_traits<char>, std::allocator<char> > const, edm::propagate_const<std::shared_ptr<edm::maker::ModuleHolder> > > > >::_M_erase(std::_Rb_tree_node<std::pair<std::__cxx11::basic_string<char, std::char_traits<char>, std::allocator<char> > const, edm::propagate_const<std::shared_ptr<edm::maker::ModuleHolder> > > >*) () from /cvmfs/cms.cern.ch/slc7_amd64_gcc900/cms/cmssw/CMSSW_12_0_0_pre4/lib/slc7_amd64_gcc900/libFWCoreFramework.so
#23 0x00002b2fe47d9d06 in std::_Rb_tree<std::__cxx11::basic_string<char, std::char_traits<char>, std::allocator<char> >, std::pair<std::__cxx11::basic_string<char, std::char_traits<char>, std::allocator<char> > const, edm::propagate_const<std::shared_ptr<edm::maker::ModuleHolder> > >, std::_Select1st<std::pair<std::__cxx11::basic_string<char, std::char_traits<char>, std::allocator<char> > const, edm::propagate_const<std::shared_ptr<edm::maker::ModuleHolder> > > >, std::less<std::__cxx11::basic_string<char, std::char_traits<char>, std::allocator<char> > >, std::allocator<std::pair<std::__cxx11::basic_string<char, std::char_traits<char>, std::allocator<char> > const, edm::propagate_const<std::shared_ptr<edm::maker::ModuleHolder> > > > >::_M_erase(std::_Rb_tree_node<std::pair<std::__cxx11::basic_string<char, std::char_traits<char>, std::allocator<char> > const, edm::propagate_const<std::shared_ptr<edm::maker::ModuleHolder> > > >*) () from /cvmfs/cms.cern.ch/slc7_amd64_gcc900/cms/cmssw/CMSSW_12_0_0_pre4/lib/slc7_amd64_gcc900/libFWCoreFramework.so
#24 0x00002b2fe47d9dd6 in std::_Sp_counted_ptr<edm::ModuleRegistry*, (__gnu_cxx::_Lock_policy)2>::_M_dispose() () from /cvmfs/cms.cern.ch/slc7_amd64_gcc900/cms/cmssw/CMSSW_12_0_0_pre4/lib/slc7_amd64_gcc900/libFWCoreFramework.so
#25 0x00002b2fe46f0598 in std::default_delete<edm::Schedule>::operator()(edm::Schedule*) const [clone .isra.0] [clone .part.0] () from /cvmfs/cms.cern.ch/slc7_amd64_gcc900/cms/cmssw/CMSSW_12_0_0_pre4/lib/slc7_amd64_gcc900/libFWCoreFramework.so
#26 0x00002b2fe46f7be2 in edm::EventProcessor::~EventProcessor() () from /cvmfs/cms.cern.ch/slc7_amd64_gcc900/cms/cmssw/CMSSW_12_0_0_pre4/lib/slc7_amd64_gcc900/libFWCoreFramework.so
#27 0x000000000040b851 in (anonymous namespace)::EventProcessorWithSentry::~EventProcessorWithSentry() ()
#28 0x000000000040b649 in main ()
